2026-05-14 23:34:17,994 - INFO - === GENERATE_TIME_GRID ===
2026-05-14 23:34:18,052 - INFO - Grille générée : 43824 lignes du 2019-01-01 00:00:00 au 2023-12-31 23:00:00.
2026-05-14 23:34:18,053 - INFO - === COLLECT_STORMS_DONKI ===
2026-05-14 23:34:18,054 - INFO - Appel API DONKI pour 2019 : https://api.nasa.gov/DONKI/GST (params: 2019-01-01 à 2019-12-31)
2026-05-14 23:34:19,988 - INFO - Statut HTTP reçu : 200
2026-05-14 23:34:19,989 - INFO - Trouvé 3 tempêtes en 2019
2026-05-14 23:34:20,490 - INFO - Appel API DONKI pour 2020 : https://api.nasa.gov/DONKI/GST (params: 2020-01-01 à 2020-12-31)
2026-05-14 23:34:22,202 - INFO - Statut HTTP reçu : 200
2026-05-14 23:34:22,202 - INFO - Trouvé 1 tempêtes en 2020
2026-05-14 23:34:22,703 - INFO - Appel API DONKI pour 2021 : https://api.nasa.gov/DONKI/GST (params: 2021-01-01 à 2021-12-31)
2026-05-14 23:34:24,245 - INFO - Statut HTTP reçu : 200
2026-05-14 23:34:24,245 - INFO - Trouvé 5 tempêtes en 2021
2026-05-14 23:34:24,746 - INFO - Appel API DONKI pour 2022 : https://api.nasa.gov/DONKI/GST (params: 2022-01-01 à 2022-12-31)
2026-05-14 23:34:26,504 - INFO - Statut HTTP reçu : 200
2026-05-14 23:34:26,506 - INFO - Trouvé 10 tempêtes en 2022
2026-05-14 23:34:27,007 - INFO - Appel API DONKI pour 2023 : https://api.nasa.gov/DONKI/GST (params: 2023-01-01 à 2023-12-31)
2026-05-14 23:34:28,242 - INFO - Statut HTTP reçu : 429
2026-05-14 23:34:28,242 - ERROR - Erreur réseau pour 2023: 429 Client Error: Too Many Requests for url: https://api.nasa.gov/DONKI/GST?startDate=2023-01-01&endDate=2023-12-31&api_key=DEMO_KEY
2026-05-14 23:34:28,747 - INFO - Données brutes sauvegardées dans data\raw\storms_donki.json
2026-05-14 23:34:28,820 - INFO - Total tempêtes collectées : 19
2026-05-14 23:34:28,824 - INFO - === CREATE_TARGET_VARIABLE ===
2026-05-14 23:34:28,906 - INFO - Heures marquées 1 : 1351 (3.08%)
2026-05-14 23:34:28,906 - WARNING - Le pourcentage est encore inférieur à 5%. Envisagez d'élargir encore les fenêtres.
2026-05-14 23:34:28,907 - INFO - === COLLECT_SOLAR_WIND_OMNI ===
2026-05-14 23:34:28,907 - INFO - Téléchargement de OMNI 2019 : https://spdf.gsfc.nasa.gov/pub/data/omni/low_res_omni/omni2_2019.dat
2026-05-14 23:34:30,505 - INFO - Statut HTTP reçu : 200
2026-05-14 23:34:30,600 - INFO - Année 2019 : 8760 lignes parsées.
2026-05-14 23:34:30,600 - INFO - Téléchargement de OMNI 2020 : https://spdf.gsfc.nasa.gov/pub/data/omni/low_res_omni/omni2_2020.dat
2026-05-14 23:34:32,136 - INFO - Statut HTTP reçu : 200
2026-05-14 23:34:32,198 - INFO - Année 2020 : 8784 lignes parsées.
2026-05-14 23:34:32,200 - INFO - Téléchargement de OMNI 2021 : https://spdf.gsfc.nasa.gov/pub/data/omni/low_res_omni/omni2_2021.dat
2026-05-14 23:34:36,538 - INFO - Statut HTTP reçu : 200
2026-05-14 23:34:36,607 - INFO - Année 2021 : 8760 lignes parsées.
2026-05-14 23:34:36,607 - INFO - Téléchargement de OMNI 2022 : https://spdf.gsfc.nasa.gov/pub/data/omni/low_res_omni/omni2_2022.dat
2026-05-14 23:34:39,156 - INFO - Statut HTTP reçu : 200
2026-05-14 23:34:39,218 - INFO - Année 2022 : 8760 lignes parsées.
2026-05-14 23:34:39,218 - INFO - Téléchargement de OMNI 2023 : https://spdf.gsfc.nasa.gov/pub/data/omni/low_res_omni/omni2_2023.dat
2026-05-14 23:34:40,722 - INFO - Statut HTTP reçu : 200
2026-05-14 23:34:40,786 - INFO - Année 2023 : 8760 lignes parsées.
2026-05-14 23:34:40,984 - INFO - Données brutes sauvegardées dans data\raw\omni_solar_wind.parquet
2026-05-14 23:34:40,993 - INFO - === MERGE_DATASETS ===
2026-05-14 23:34:41,056 - INFO - Shape avant merge : (43824, 2) | Après merge : (43824, 5)
2026-05-14 23:34:41,064 - INFO - NaN par colonne après merge :
timestamp               0
is_storm                0
solar_wind_speed        0
solar_wind_density    441
bz_component          265
dtype: int64
2026-05-14 23:34:41,064 - INFO - === ADD_ENGINEERED_FEATURES ===
2026-05-14 23:34:41,171 - INFO - === APPLY_LAG ===
2026-05-14 23:34:41,172 - INFO - Application d'un lag de 6 heures.
2026-05-14 23:34:41,180 - INFO - === SAVE_AND_VERIFY ===
2026-05-14 23:34:41,214 - ERROR - ÉCHEC DU PIPELINE : Erreur : Déséquilibre non conforme (3.09% hors de [5%-25%])
2026-05-14 23:34:41,216 - ERROR - Traceback (most recent call last):
  File "C:\Users\PC\PROJET_AURORAS\src\data_collection.py", line 389, in <module>
    final_dataset = save_and_verify(lagged_df)
  File "C:\Users\PC\PROJET_AURORAS\src\data_collection.py", line 365, in save_and_verify
    assert 0.05 <= pct_storm <= 0.25, f"Erreur : Déséquilibre non conforme ({pct_storm*100:.2f}% hors de [5%-25%])"
           ^^^^^^^^^^^^^^^^^^^^^^^^^
AssertionError: Erreur : Déséquilibre non conforme (3.09% hors de [5%-25%])

2026-05-14 23:38:29,917 - INFO - === GENERATE_TIME_GRID ===
2026-05-14 23:38:29,964 - INFO - Grille générée : 43824 lignes du 2019-01-01 00:00:00 au 2023-12-31 23:00:00.
2026-05-14 23:38:29,965 - INFO - === COLLECT_STORMS_DONKI ===
2026-05-14 23:38:29,967 - INFO - Appel API DONKI pour 2019 : https://api.nasa.gov/DONKI/GST (params: 2019-01-01 à 2019-12-31)
2026-05-14 23:38:31,752 - INFO - Statut HTTP reçu : 200
2026-05-14 23:38:31,753 - INFO - Trouvé 3 tempêtes en 2019
2026-05-14 23:38:33,754 - INFO - Appel API DONKI pour 2020 : https://api.nasa.gov/DONKI/GST (params: 2020-01-01 à 2020-12-31)
2026-05-14 23:38:35,363 - INFO - Statut HTTP reçu : 200
2026-05-14 23:38:35,363 - INFO - Trouvé 1 tempêtes en 2020
2026-05-14 23:38:37,364 - INFO - Appel API DONKI pour 2021 : https://api.nasa.gov/DONKI/GST (params: 2021-01-01 à 2021-12-31)
2026-05-14 23:38:39,078 - INFO - Statut HTTP reçu : 200
2026-05-14 23:38:39,079 - INFO - Trouvé 5 tempêtes en 2021
2026-05-14 23:38:41,079 - INFO - Appel API DONKI pour 2022 : https://api.nasa.gov/DONKI/GST (params: 2022-01-01 à 2022-12-31)
2026-05-14 23:38:42,876 - INFO - Statut HTTP reçu : 200
2026-05-14 23:38:42,877 - INFO - Trouvé 10 tempêtes en 2022
2026-05-14 23:38:44,878 - INFO - Appel API DONKI pour 2023 : https://api.nasa.gov/DONKI/GST (params: 2023-01-01 à 2023-12-31)
2026-05-14 23:38:47,132 - INFO - Statut HTTP reçu : 200
2026-05-14 23:38:47,133 - INFO - Trouvé 16 tempêtes en 2023
2026-05-14 23:38:49,142 - INFO - Données brutes sauvegardées dans data\raw\storms_donki.json
2026-05-14 23:38:49,274 - INFO - Total tempêtes collectées : 35
2026-05-14 23:38:49,277 - INFO - === CREATE_TARGET_VARIABLE ===
2026-05-14 23:38:49,436 - INFO - Heures marquées 1 : 3702 (8.45%)
2026-05-14 23:38:49,437 - INFO - === COLLECT_SOLAR_WIND_OMNI ===
2026-05-14 23:38:49,437 - INFO - Téléchargement de OMNI 2019 : https://spdf.gsfc.nasa.gov/pub/data/omni/low_res_omni/omni2_2019.dat
2026-05-14 23:38:50,932 - INFO - Statut HTTP reçu : 200
2026-05-14 23:38:51,014 - INFO - Année 2019 : 8760 lignes parsées.
2026-05-14 23:38:51,014 - INFO - Téléchargement de OMNI 2020 : https://spdf.gsfc.nasa.gov/pub/data/omni/low_res_omni/omni2_2020.dat
2026-05-14 23:38:55,203 - INFO - Statut HTTP reçu : 200
2026-05-14 23:38:55,295 - INFO - Année 2020 : 8784 lignes parsées.
2026-05-14 23:38:55,296 - INFO - Téléchargement de OMNI 2021 : https://spdf.gsfc.nasa.gov/pub/data/omni/low_res_omni/omni2_2021.dat
2026-05-14 23:38:57,413 - INFO - Statut HTTP reçu : 200
2026-05-14 23:38:57,473 - INFO - Année 2021 : 8760 lignes parsées.
2026-05-14 23:38:57,474 - INFO - Téléchargement de OMNI 2022 : https://spdf.gsfc.nasa.gov/pub/data/omni/low_res_omni/omni2_2022.dat
2026-05-14 23:38:58,958 - INFO - Statut HTTP reçu : 200
2026-05-14 23:38:59,022 - INFO - Année 2022 : 8760 lignes parsées.
2026-05-14 23:38:59,023 - INFO - Téléchargement de OMNI 2023 : https://spdf.gsfc.nasa.gov/pub/data/omni/low_res_omni/omni2_2023.dat
2026-05-14 23:39:00,481 - INFO - Statut HTTP reçu : 200
2026-05-14 23:39:00,556 - INFO - Année 2023 : 8760 lignes parsées.
2026-05-14 23:39:00,826 - INFO - Données brutes sauvegardées dans data\raw\omni_solar_wind.parquet
2026-05-14 23:39:00,842 - INFO - === MERGE_DATASETS ===
2026-05-14 23:39:00,915 - INFO - Shape avant merge : (43824, 2) | Après merge : (43824, 5)
2026-05-14 23:39:00,933 - INFO - NaN par colonne après merge :
timestamp               0
is_storm                0
solar_wind_speed        0
solar_wind_density    441
bz_component          265
dtype: int64
2026-05-14 23:39:00,934 - INFO - === ADD_ENGINEERED_FEATURES ===
2026-05-14 23:39:01,050 - INFO - === APPLY_LAG ===
2026-05-14 23:39:01,051 - INFO - Application d'un lag de 6 heures.
2026-05-14 23:39:01,056 - INFO - === SAVE_AND_VERIFY ===
2026-05-14 23:39:01,527 - INFO - Dataset sauvegardé avec succès dans data/dataset.csv
2026-05-14 23:39:01,528 - INFO - PIPELINE TERMINÉ AVEC SUCCÈS
